   1               		.file	"all_leds.c"
   2               	__SREG__ = 0x3f
   3               	__SP_H__ = 0x3e
   4               	__SP_L__ = 0x3d
   5               	__CCP__ = 0x34
   6               	__tmp_reg__ = 0
   7               	__zero_reg__ = 1
  10               		.text
  11               	.Ltext0:
  72               	.global	main
  74               	main:
  75               		.stabd	46,0,0
   1:all_leds.c    **** #include <avr/io.h>      // this contains all the IO port definitions
   2:all_leds.c    **** 
   3:all_leds.c    **** int main(void) {
  77               	.LM0:
  78               	.LFBB1:
  79               	/* prologue: function */
  80               	/* frame size = 0 */
  81               	/* stack size = 0 */
  82               	.L__stack_usage = 0
   4:all_leds.c    **** 
   5:all_leds.c    ****   DDRB = 0xFF;       // set all 8 pins on port B to outputs
  84               	.LM1:
  85 0000 8FEF      		ldi r24,lo8(-1)
  86 0002 87BB      		out 55-32,r24
   6:all_leds.c    **** 
   7:all_leds.c    ****   PORTB = 0xFF;      // set all the pins on port B high (turn on those LEDs)
  88               	.LM2:
  89 0004 88BB      		out 56-32,r24
  90               	.L2:
  91 0006 00C0      		rjmp .L2
  93               	.Lscope1:
  95               		.stabd	78,0,0
  97               	.Letext0:
DEFINED SYMBOLS
                            *ABS*:0000000000000000 all_leds.c
     /tmp/ccpmH02k.s:2      *ABS*:000000000000003f __SREG__
     /tmp/ccpmH02k.s:3      *ABS*:000000000000003e __SP_H__
     /tmp/ccpmH02k.s:4      *ABS*:000000000000003d __SP_L__
     /tmp/ccpmH02k.s:5      *ABS*:0000000000000034 __CCP__
     /tmp/ccpmH02k.s:6      *ABS*:0000000000000000 __tmp_reg__
     /tmp/ccpmH02k.s:7      *ABS*:0000000000000001 __zero_reg__
     /tmp/ccpmH02k.s:74     .text:0000000000000000 main

NO UNDEFINED SYMBOLS
