   1               		.file	"test_leds.c"
   2               	__SREG__ = 0x3f
   3               	__SP_H__ = 0x3e
   4               	__SP_L__ = 0x3d
   5               	__CCP__ = 0x34
   6               	__tmp_reg__ = 0
   7               	__zero_reg__ = 1
  10               		.text
  11               	.Ltext0:
  73               	.global	delay_ms
  75               	delay_ms:
  76               		.stabd	46,0,0
   1:test_leds.c   **** #include <avr/io.h>      // this contains all the IO port definitions
   2:test_leds.c   **** 
   3:test_leds.c   **** 
   4:test_leds.c   **** // This function basically wastes time
   5:test_leds.c   **** void delay_ms(long int ms) {
  78               	.LM0:
  79               	.LFBB1:
  80               	/* prologue: function */
  81               	/* frame size = 0 */
  82               	/* stack size = 0 */
  83               	.L__stack_usage = 0
  84               	/* epilogue start */
   6:test_leds.c   ****   unsigned long int timer;
   7:test_leds.c   **** 
   8:test_leds.c   ****   while (ms != 0) {
   9:test_leds.c   ****     // this number is dependant on the clock frequency
  10:test_leds.c   ****     for (timer=0; timer <= 4200; timer++);
  11:test_leds.c   ****     ms--;
  12:test_leds.c   ****   }
  13:test_leds.c   **** }
  86               	.LM1:
  87 0000 0895      		ret
  89               	.Lscope1:
  91               		.stabd	78,0,0
  93               	.global	main
  95               	main:
  96               		.stabd	46,0,0
  14:test_leds.c   **** 
  15:test_leds.c   **** int main(void) {
  98               	.LM2:
  99               	.LFBB2:
 100               	/* prologue: function */
 101               	/* frame size = 0 */
 102               	/* stack size = 0 */
 103               	.L__stack_usage = 0
  16:test_leds.c   **** 
  17:test_leds.c   ****   DDRB = 0xFF;        // set port B to output only
 105               	.LM3:
 106 0002 8FEF      		ldi r24,lo8(-1)
 107 0004 87BB      		out 55-32,r24
  18:test_leds.c   **** 
  19:test_leds.c   ****   PORTB = 0; // turn off all LEDs
 109               	.LM4:
 110 0006 18BA      		out 56-32,__zero_reg__
  20:test_leds.c   ****   while (1) {
  21:test_leds.c   ****     PORTB = 0x1;      // turn on only LED #1
 112               	.LM5:
 113 0008 71E0      		ldi r23,lo8(1)
  22:test_leds.c   ****     delay_ms(200);
  23:test_leds.c   ****     PORTB = 0x2;      // turn on only LED #2
 115               	.LM6:
 116 000a 62E0      		ldi r22,lo8(2)
  24:test_leds.c   ****     delay_ms(200);
  25:test_leds.c   ****     PORTB = 0x4;      // etc..
 118               	.LM7:
 119 000c 54E0      		ldi r21,lo8(4)
  26:test_leds.c   ****     delay_ms(200);
  27:test_leds.c   ****     PORTB = 0x8;
 121               	.LM8:
 122 000e 48E0      		ldi r20,lo8(8)
  28:test_leds.c   ****     delay_ms(200);
  29:test_leds.c   ****     PORTB = 0x10; 
 124               	.LM9:
 125 0010 30E1      		ldi r19,lo8(16)
  30:test_leds.c   ****     delay_ms(200);
  31:test_leds.c   ****     PORTB = 0x20; 
 127               	.LM10:
 128 0012 20E2      		ldi r18,lo8(32)
  32:test_leds.c   ****     delay_ms(200);
  33:test_leds.c   ****     PORTB = 0x40; 
 130               	.LM11:
 131 0014 90E4      		ldi r25,lo8(64)
  34:test_leds.c   ****     delay_ms(200);
  35:test_leds.c   ****     PORTB = 0x80;    // turn on LED #8
 133               	.LM12:
 134 0016 80E8      		ldi r24,lo8(-128)
 135               	.L3:
  21:test_leds.c   ****     PORTB = 0x1;      // turn on only LED #1
 137               	.LM13:
 138 0018 78BB      		out 56-32,r23
  23:test_leds.c   ****     PORTB = 0x2;      // turn on only LED #2
 140               	.LM14:
 141 001a 68BB      		out 56-32,r22
  25:test_leds.c   ****     PORTB = 0x4;      // etc..
 143               	.LM15:
 144 001c 58BB      		out 56-32,r21
  27:test_leds.c   ****     PORTB = 0x8;
 146               	.LM16:
 147 001e 48BB      		out 56-32,r20
  29:test_leds.c   ****     PORTB = 0x10; 
 149               	.LM17:
 150 0020 38BB      		out 56-32,r19
  31:test_leds.c   ****     PORTB = 0x20; 
 152               	.LM18:
 153 0022 28BB      		out 56-32,r18
  33:test_leds.c   ****     PORTB = 0x40; 
 155               	.LM19:
 156 0024 98BB      		out 56-32,r25
 158               	.LM20:
 159 0026 88BB      		out 56-32,r24
 160 0028 00C0      		rjmp .L3
 162               	.Lscope2:
 164               		.stabd	78,0,0
 166               	.Letext0:
DEFINED SYMBOLS
                            *ABS*:0000000000000000 test_leds.c
     /tmp/ccTlEoby.s:2      *ABS*:000000000000003f __SREG__
     /tmp/ccTlEoby.s:3      *ABS*:000000000000003e __SP_H__
     /tmp/ccTlEoby.s:4      *ABS*:000000000000003d __SP_L__
     /tmp/ccTlEoby.s:5      *ABS*:0000000000000034 __CCP__
     /tmp/ccTlEoby.s:6      *ABS*:0000000000000000 __tmp_reg__
     /tmp/ccTlEoby.s:7      *ABS*:0000000000000001 __zero_reg__
     /tmp/ccTlEoby.s:75     .text:0000000000000000 delay_ms
     /tmp/ccTlEoby.s:95     .text:0000000000000002 main

NO UNDEFINED SYMBOLS
